Component: ARM Compiler 5.06 update 3 (build 300) Tool: armlink [4d35c9]

==============================================================================

Section Cross References

    main.o(.text) refers to delay.o(.text) for delay_init
    main.o(.text) refers to usart.o(.text) for uart_init
    main.o(.text) refers to ws2812b.o(.text) for ws2812b_Init
    main.o(.text) refers to led.o(.text) for LED_Init
    main.o(.text) refers to ws2812b.o(i.ws2812b_IsReady) for ws2812b_IsReady
    main.o(.text) refers to main.o(.bss) for leds
    system_stm32f10x.o(.text) refers to system_stm32f10x.o(.data) for SystemCoreClock
    led.o(.text) refers to stm32f10x_rcc.o(.text) for RCC_APB2PeriphClockCmd
    led.o(.text) refers to stm32f10x_gpio.o(.text) for GPIO_Init
    ws2812b.o(.text) refers to memseta.o(.text) for __aeabi_memclr
    ws2812b.o(.text) refers to bitmap.o(.text) for HSV2RGB
    ws2812b.o(.text) refers to stm32f10x_dma.o(.text) for DMA_SetCurrDataCounter
    ws2812b.o(.text) refers to stm32f10x_tim.o(.text) for TIM_Cmd
    ws2812b.o(.text) refers to stm32f10x_rcc.o(.text) for RCC_APB1PeriphClockCmd
    ws2812b.o(.text) refers to stm32f10x_gpio.o(.text) for GPIO_Init
    ws2812b.o(.text) refers to misc.o(.text) for NVIC_Init
    ws2812b.o(.text) refers to ws2812b.o(.data) for DMABusy
    ws2812b.o(.text) refers to ws2812b.o(.bss) for DMABuffer
    ws2812b.o(.text) refers to system_stm32f10x.o(.data) for SystemCoreClock
    ws2812b.o(.text) refers to ws2812b.o(.constdata) for LEDGammaTable
    delay.o(.text) refers to misc.o(.text) for SysTick_CLKSourceConfig
    delay.o(.text) refers to system_stm32f10x.o(.data) for SystemCoreClock
    delay.o(.text) refers to delay.o(.data) for fac_us
    usart.o(.text) refers to stm32f10x_rcc.o(.text) for RCC_APB2PeriphClockCmd
    usart.o(.text) refers to stm32f10x_gpio.o(.text) for GPIO_Init
    usart.o(.text) refers to misc.o(.text) for NVIC_Init
    usart.o(.text) refers to stm32f10x_usart.o(.text) for USART_Init
    usart.o(.text) refers to usart.o(.data) for USART_RX_STA
    usart.o(.text) refers to usart.o(.bss) for USART_RX_BUF
    startup_stm32f10x_hd.o(RESET) refers to startup_stm32f10x_hd.o(STACK) for __initial_sp
    startup_stm32f10x_hd.o(RESET) refers to startup_stm32f10x_hd.o(.text) for Reset_Handler
    startup_stm32f10x_hd.o(RESET) refers to stm32f10x_it.o(.text) for NMI_Handler
    startup_stm32f10x_hd.o(RESET) refers to ws2812b.o(.text) for DMA1_Channel1_IRQHandler
    startup_stm32f10x_hd.o(RESET) refers to usart.o(.text) for USART1_IRQHandler
    startup_stm32f10x_hd.o(.text) refers to system_stm32f10x.o(.text) for SystemInit
    startup_stm32f10x_hd.o(.text) refers to entry.o(.ARM.Collect$$$$00000000) for __main
    stm32f10x_gpio.o(.text) refers to stm32f10x_rcc.o(.text) for RCC_APB2PeriphResetCmd
    stm32f10x_rcc.o(.text) refers to stm32f10x_rcc.o(.data) for APBAHBPrescTable
    stm32f10x_usart.o(.text) refers to stm32f10x_rcc.o(.text) for RCC_APB2PeriphResetCmd
    stm32f10x_tim.o(.text) refers to stm32f10x_rcc.o(.text) for RCC_APB2PeriphResetCmd
    entry.o(.ARM.Collect$$$$00000000) refers (Special) to entry10a.o(.ARM.Collect$$$$0000000D) for __rt_final_cpp
    entry.o(.ARM.Collect$$$$00000000) refers (Special) to entry11a.o(.ARM.Collect$$$$0000000F) for __rt_final_exit
    entry.o(.ARM.Collect$$$$00000000) refers (Special) to entry7b.o(.ARM.Collect$$$$00000008) for _main_clock
    entry.o(.ARM.Collect$$$$00000000) refers (Special) to entry8b.o(.ARM.Collect$$$$0000000A) for _main_cpp_init
    entry.o(.ARM.Collect$$$$00000000) refers (Special) to entry9a.o(.ARM.Collect$$$$0000000B) for _main_init
    entry.o(.ARM.Collect$$$$00000000) refers (Special) to entry5.o(.ARM.Collect$$$$00000004) for _main_scatterload
    entry.o(.ARM.Collect$$$$00000000) refers (Special) to entry2.o(.ARM.Collect$$$$00000001) for _main_stk
    entry2.o(.ARM.Collect$$$$00000001) refers to entry2.o(.ARM.Collect$$$$00002712) for __lit__00000000
    entry2.o(.ARM.Collect$$$$00002712) refers to startup_stm32f10x_hd.o(STACK) for __initial_sp
    entry2.o(__vectab_stack_and_reset_area) refers to startup_stm32f10x_hd.o(STACK) for __initial_sp
    entry2.o(__vectab_stack_and_reset_area) refers to entry.o(.ARM.Collect$$$$00000000) for __main
    entry5.o(.ARM.Collect$$$$00000004) refers to init.o(.text) for __scatterload
    entry9a.o(.ARM.Collect$$$$0000000B) refers to main.o(.text) for main
    entry9b.o(.ARM.Collect$$$$0000000C) refers to main.o(.text) for main
    init.o(.text) refers to entry5.o(.ARM.Collect$$$$00000004) for __main_after_scatterload
    ws2812b.o(i.ws2812b_IsReady) refers to ws2812b.o(.data) for DMABusy


==============================================================================

Removing Unused input sections from the image.

    Removing sys.o(.emb_text), (6 bytes).
    Removing sys.o(.text), (12 bytes).
    Removing core_cm3.o(.emb_text), (32 bytes).
    Removing startup_stm32f10x_hd.o(HEAP), (512 bytes).

4 unused section(s) (total 562 bytes) removed from the image.

==============================================================================

Image Symbol Table

    Local Symbols

    Symbol Name                              Value     Ov Type        Size  Object(Section)

    ../clib/microlib/init/entry.s            0x00000000   Number         0  entry10a.o ABSOLUTE
    ../clib/microlib/init/entry.s            0x00000000   Number         0  entry7a.o ABSOLUTE
    ../clib/microlib/init/entry.s            0x00000000   Number         0  entry9a.o ABSOLUTE
    ../clib/microlib/init/entry.s            0x00000000   Number         0  entry8a.o ABSOLUTE
    ../clib/microlib/init/entry.s            0x00000000   Number         0  entry7b.o ABSOLUTE
    ../clib/microlib/init/entry.s            0x00000000   Number         0  entry8b.o ABSOLUTE
    ../clib/microlib/init/entry.s            0x00000000   Number         0  entry.o ABSOLUTE
    ../clib/microlib/init/entry.s            0x00000000   Number         0  entry11b.o ABSOLUTE
    ../clib/microlib/init/entry.s            0x00000000   Number         0  entry2.o ABSOLUTE
    ../clib/microlib/init/entry.s            0x00000000   Number         0  entry9b.o ABSOLUTE
    ../clib/microlib/init/entry.s            0x00000000   Number         0  entry11a.o ABSOLUTE
    ../clib/microlib/init/entry.s            0x00000000   Number         0  entry10b.o ABSOLUTE
    ../clib/microlib/init/entry.s            0x00000000   Number         0  entry5.o ABSOLUTE
    ../clib/microlib/string/memset.c         0x00000000   Number         0  memseta.o ABSOLUTE
    ../clib/microlib/stubs.s                 0x00000000   Number         0  useno.o ABSOLUTE
    ..\CORE\core_cm3.c                       0x00000000   Number         0  core_cm3.o ABSOLUTE
    ..\CORE\startup_stm32f10x_hd.s           0x00000000   Number         0  startup_stm32f10x_hd.o ABSOLUTE
    ..\HARDWARE\LED\led.c                    0x00000000   Number         0  led.o ABSOLUTE
    ..\HARDWARE\RGB\bitmap.c                 0x00000000   Number         0  bitmap.o ABSOLUTE
    ..\HARDWARE\RGB\ws2812b.c                0x00000000   Number         0  ws2812b.o ABSOLUTE
    ..\STM32F10x_FWLib\src\misc.c            0x00000000   Number         0  misc.o ABSOLUTE
    ..\STM32F10x_FWLib\src\stm32f10x_dma.c   0x00000000   Number         0  stm32f10x_dma.o ABSOLUTE
    ..\STM32F10x_FWLib\src\stm32f10x_gpio.c  0x00000000   Number         0  stm32f10x_gpio.o ABSOLUTE
    ..\STM32F10x_FWLib\src\stm32f10x_rcc.c   0x00000000   Number         0  stm32f10x_rcc.o ABSOLUTE
    ..\STM32F10x_FWLib\src\stm32f10x_tim.c   0x00000000   Number         0  stm32f10x_tim.o ABSOLUTE
    ..\STM32F10x_FWLib\src\stm32f10x_usart.c 0x00000000   Number         0  stm32f10x_usart.o ABSOLUTE
    ..\SYSTEM\delay\delay.c                  0x00000000   Number         0  delay.o ABSOLUTE
    ..\SYSTEM\sys\sys.c                      0x00000000   Number         0  sys.o ABSOLUTE
    ..\SYSTEM\usart\usart.c                  0x00000000   Number         0  usart.o ABSOLUTE
    ..\\CORE\\core_cm3.c                     0x00000000   Number         0  core_cm3.o ABSOLUTE
    ..\\SYSTEM\\sys\\sys.c                   0x00000000   Number         0  sys.o ABSOLUTE
    dc.s                                     0x00000000   Number         0  dc.o ABSOLUTE
    handlers.s                               0x00000000   Number         0  handlers.o ABSOLUTE
    init.s                                   0x00000000   Number         0  init.o ABSOLUTE
    main.c                                   0x00000000   Number         0  main.o ABSOLUTE
    stm32f10x_it.c                           0x00000000   Number         0  stm32f10x_it.o ABSOLUTE
    system_stm32f10x.c                       0x00000000   Number         0  system_stm32f10x.o ABSOLUTE
    RESET                                    0x08000000   Section      304  startup_stm32f10x_hd.o(RESET)
    .ARM.Collect$$$$00000000                 0x08000130   Section        0  entry.o(.ARM.Collect$$$$00000000)
    .ARM.Collect$$$$00000001                 0x08000130   Section        4  entry2.o(.ARM.Collect$$$$00000001)
    .ARM.Collect$$$$00000004                 0x08000134   Section        4  entry5.o(.ARM.Collect$$$$00000004)
    .ARM.Collect$$$$00000008                 0x08000138   Section        0  entry7b.o(.ARM.Collect$$$$00000008)
    .ARM.Collect$$$$0000000A                 0x08000138   Section        0  entry8b.o(.ARM.Collect$$$$0000000A)
    .ARM.Collect$$$$0000000B                 0x08000138   Section        8  entry9a.o(.ARM.Collect$$$$0000000B)
    .ARM.Collect$$$$0000000D                 0x08000140   Section        0  entry10a.o(.ARM.Collect$$$$0000000D)
    .ARM.Collect$$$$0000000F                 0x08000140   Section        0  entry11a.o(.ARM.Collect$$$$0000000F)
    .ARM.Collect$$$$00002712                 0x08000140   Section        4  entry2.o(.ARM.Collect$$$$00002712)
    __lit__00000000                          0x08000140   Data           4  entry2.o(.ARM.Collect$$$$00002712)
    .text                                    0x08000144   Section        0  main.o(.text)
    .text                                    0x080001ac   Section        0  stm32f10x_it.o(.text)
    .text                                    0x080001c8   Section        0  system_stm32f10x.o(.text)
    SetSysClockTo72                          0x080001c9   Thumb Code   214  system_stm32f10x.o(.text)
    SetSysClock                              0x0800029f   Thumb Code     8  system_stm32f10x.o(.text)
    .text                                    0x080003a8   Section        0  led.o(.text)
    .text                                    0x080003f8   Section        0  bitmap.o(.text)
    .text                                    0x080004c0   Section        0  ws2812b.o(.text)
    SrcFilterNull                            0x080004c1   Thumb Code    40  ws2812b.o(.text)
    RGB2PWM                                  0x080004e9   Thumb Code   112  ws2812b.o(.text)
    SrcFilterRGB                             0x08000559   Thumb Code    64  ws2812b.o(.text)
    SrcFilterHSV                             0x08000599   Thumb Code    74  ws2812b.o(.text)
    DMASend                                  0x080005e3   Thumb Code   170  ws2812b.o(.text)
    DMASendNext                              0x0800068d   Thumb Code   150  ws2812b.o(.text)
    LEDGamma                                 0x0800086b   Thumb Code     8  ws2812b.o(.text)
    .text                                    0x080008b0   Section        0  delay.o(.text)
    .text                                    0x08000984   Section        0  usart.o(.text)
    .text                                    0x08000ac4   Section       36  startup_stm32f10x_hd.o(.text)
    .text                                    0x08000ae8   Section        0  stm32f10x_gpio.o(.text)
    .text                                    0x08000e44   Section        0  stm32f10x_rcc.o(.text)
    .text                                    0x080011e8   Section        0  stm32f10x_usart.o(.text)
    .text                                    0x080015f0   Section        0  misc.o(.text)
    .text                                    0x080016cc   Section        0  stm32f10x_tim.o(.text)
    TI4_Config                               0x08001b73   Thumb Code   130  stm32f10x_tim.o(.text)
    TI3_Config                               0x08001c07   Thumb Code   122  stm32f10x_tim.o(.text)
    TI2_Config                               0x08001c9b   Thumb Code   130  stm32f10x_tim.o(.text)
    TI1_Config                               0x08001d2f   Thumb Code   108  stm32f10x_tim.o(.text)
    .text                                    0x080024e8   Section        0  stm32f10x_dma.o(.text)
    .text                                    0x0800273c   Section        0  memseta.o(.text)
    .text                                    0x08002760   Section       36  init.o(.text)
    i.__scatterload_copy                     0x08002784   Section       14  handlers.o(i.__scatterload_copy)
    i.__scatterload_null                     0x08002792   Section        2  handlers.o(i.__scatterload_null)
    i.__scatterload_zeroinit                 0x08002794   Section       14  handlers.o(i.__scatterload_zeroinit)
    i.ws2812b_IsReady                        0x080027a4   Section        0  ws2812b.o(i.ws2812b_IsReady)
    .constdata                               0x080027b8   Section      256  ws2812b.o(.constdata)
    LEDGammaTable                            0x080027b8   Data         256  ws2812b.o(.constdata)
    .data                                    0x20000000   Section       20  system_stm32f10x.o(.data)
    .data                                    0x20000014   Section       16  ws2812b.o(.data)
    DMABusy                                  0x20000014   Data           4  ws2812b.o(.data)
    DMAFilter                                0x20000018   Data           4  ws2812b.o(.data)
    DMASrc                                   0x2000001c   Data           4  ws2812b.o(.data)
    DMACount                                 0x20000020   Data           4  ws2812b.o(.data)
    .data                                    0x20000024   Section        4  delay.o(.data)
    fac_us                                   0x20000024   Data           1  delay.o(.data)
    fac_ms                                   0x20000026   Data           2  delay.o(.data)
    .data                                    0x20000028   Section        6  usart.o(.data)
    .data                                    0x2000002e   Section       20  stm32f10x_rcc.o(.data)
    APBAHBPrescTable                         0x2000002e   Data          16  stm32f10x_rcc.o(.data)
    ADCPrescTable                            0x2000003e   Data           4  stm32f10x_rcc.o(.data)
    .bss                                     0x20000044   Section       90  main.o(.bss)
    .bss                                     0x2000009e   Section     2880  ws2812b.o(.bss)
    DMABuffer                                0x2000009e   Data        2880  ws2812b.o(.bss)
    .bss                                     0x20000bde   Section      200  usart.o(.bss)
    STACK                                    0x20000ca8   Section     1024  startup_stm32f10x_hd.o(STACK)

    Global Symbols

    Symbol Name                              Value     Ov Type        Size  Object(Section)

    BuildAttributes$$THM_ISAv4$P$D$K$B$S$PE$A:L22UL41UL21$X:L11$S22US41US21$IEEE1$IW$USESV6$~STKCKD$USESV7$~SHL$OSPACE$EBA8$MICROLIB$REQ8$PRES8$EABIv2 0x00000000   Number         0  anon$$obj.o ABSOLUTE
    __ARM_use_no_argv                        0x00000000   Number         0  main.o ABSOLUTE
    __use_no_errno                           0x00000000   Number         0  useno.o ABSOLUTE
    __use_no_exception_handling              0x00000000   Number         0  useno.o ABSOLUTE
    __use_no_fp                              0x00000000   Number         0  useno.o ABSOLUTE
    __use_no_heap                            0x00000000   Number         0  useno.o ABSOLUTE
    __use_no_heap_region                     0x00000000   Number         0  useno.o ABSOLUTE
    __use_no_semihosting                     0x00000000   Number         0  useno.o ABSOLUTE
    __use_no_semihosting_swi                 0x00000000   Number         0  useno.o ABSOLUTE
    __use_no_signal_handling                 0x00000000   Number         0  useno.o ABSOLUTE
    __cpp_initialize__aeabi_                  - Undefined Weak Reference
    __cxa_finalize                            - Undefined Weak Reference
    __decompress                              - Undefined Weak Reference
    _clock_init                               - Undefined Weak Reference
    _microlib_exit                            - Undefined Weak Reference
    __Vectors_Size                           0x00000130   Number         0  startup_stm32f10x_hd.o ABSOLUTE
    __Vectors                                0x08000000   Data           4  startup_stm32f10x_hd.o(RESET)
    __Vectors_End                            0x08000130   Data           0  startup_stm32f10x_hd.o(RESET)
    __main                                   0x08000131   Thumb Code     0  entry.o(.ARM.Collect$$$$00000000)
    _main_stk                                0x08000131   Thumb Code     0  entry2.o(.ARM.Collect$$$$00000001)
    _main_scatterload                        0x08000135   Thumb Code     0  entry5.o(.ARM.Collect$$$$00000004)
    __main_after_scatterload                 0x08000139   Thumb Code     0  entry5.o(.ARM.Collect$$$$00000004)
    _main_clock                              0x08000139   Thumb Code     0  entry7b.o(.ARM.Collect$$$$00000008)
    _main_cpp_init                           0x08000139   Thumb Code     0  entry8b.o(.ARM.Collect$$$$0000000A)
    _main_init                               0x08000139   Thumb Code     0  entry9a.o(.ARM.Collect$$$$0000000B)
    __rt_final_cpp                           0x08000141   Thumb Code     0  entry10a.o(.ARM.Collect$$$$0000000D)
    __rt_final_exit                          0x08000141   Thumb Code     0  entry11a.o(.ARM.Collect$$$$0000000F)
    main                                     0x08000145   Thumb Code    98  main.o(.text)
    NMI_Handler                              0x080001ad   Thumb Code     2  stm32f10x_it.o(.text)
    HardFault_Handler                        0x080001af   Thumb Code     4  stm32f10x_it.o(.text)
    MemManage_Handler                        0x080001b3   Thumb Code     4  stm32f10x_it.o(.text)
    BusFault_Handler                         0x080001b7   Thumb Code     4  stm32f10x_it.o(.text)
    UsageFault_Handler                       0x080001bb   Thumb Code     4  stm32f10x_it.o(.text)
    SVC_Handler                              0x080001bf   Thumb Code     2  stm32f10x_it.o(.text)
    DebugMon_Handler                         0x080001c1   Thumb Code     2  stm32f10x_it.o(.text)
    PendSV_Handler                           0x080001c3   Thumb Code     2  stm32f10x_it.o(.text)
    SysTick_Handler                          0x080001c5   Thumb Code     2  stm32f10x_it.o(.text)
    SystemInit                               0x080002a7   Thumb Code    78  system_stm32f10x.o(.text)
    SystemCoreClockUpdate                    0x080002f5   Thumb Code   142  system_stm32f10x.o(.text)
    LED_Init                                 0x080003a9   Thumb Code    72  led.o(.text)
    HSV2RGB                                  0x080003f9   Thumb Code   200  bitmap.o(.text)
    DMA1_Channel1_IRQHandler                 0x08000723   Thumb Code    48  ws2812b.o(.text)
    ws2812b_Init                             0x08000753   Thumb Code   244  ws2812b.o(.text)
    ws2812b_SendRGB                          0x08000847   Thumb Code    18  ws2812b.o(.text)
    ws2812b_SendHSV                          0x08000859   Thumb Code    18  ws2812b.o(.text)
    delay_init                               0x080008b1   Thumb Code    50  delay.o(.text)
    delay_us                                 0x080008e3   Thumb Code    72  delay.o(.text)
    delay_ms                                 0x0800092b   Thumb Code    72  delay.o(.text)
    _sys_exit                                0x08000985   Thumb Code     4  usart.o(.text)
    fputc                                    0x08000989   Thumb Code    24  usart.o(.text)
    uart_init                                0x080009a1   Thumb Code   152  usart.o(.text)
    USART1_IRQHandler                        0x08000a39   Thumb Code   122  usart.o(.text)
    Reset_Handler                            0x08000ac5   Thumb Code     8  startup_stm32f10x_hd.o(.text)
    ADC1_2_IRQHandler                        0x08000adf   Thumb Code     0  startup_stm32f10x_hd.o(.text)
    ADC3_IRQHandler                          0x08000adf   Thumb Code     0  startup_stm32f10x_hd.o(.text)
    CAN1_RX1_IRQHandler                      0x08000adf   Thumb Code     0  startup_stm32f10x_hd.o(.text)
    CAN1_SCE_IRQHandler                      0x08000adf   Thumb Code     0  startup_stm32f10x_hd.o(.text)
    DMA1_Channel2_IRQHandler                 0x08000adf   Thumb Code     0  startup_stm32f10x_hd.o(.text)
    DMA1_Channel3_IRQHandler                 0x08000adf   Thumb Code     0  startup_stm32f10x_hd.o(.text)
    DMA1_Channel4_IRQHandler                 0x08000adf   Thumb Code     0  startup_stm32f10x_hd.o(.text)
    DMA1_Channel5_IRQHandler                 0x08000adf   Thumb Code     0  startup_stm32f10x_hd.o(.text)
    DMA1_Channel6_IRQHandler                 0x08000adf   Thumb Code     0  startup_stm32f10x_hd.o(.text)
    DMA1_Channel7_IRQHandler                 0x08000adf   Thumb Code     0  startup_stm32f10x_hd.o(.text)
    DMA2_Channel1_IRQHandler                 0x08000adf   Thumb Code     0  startup_stm32f10x_hd.o(.text)
    DMA2_Channel2_IRQHandler                 0x08000adf   Thumb Code     0  startup_stm32f10x_hd.o(.text)
    DMA2_Channel3_IRQHandler                 0x08000adf   Thumb Code     0  startup_stm32f10x_hd.o(.text)
    DMA2_Channel4_5_IRQHandler               0x08000adf   Thumb Code     0  startup_stm32f10x_hd.o(.text)
    EXTI0_IRQHandler                         0x08000adf   Thumb Code     0  startup_stm32f10x_hd.o(.text)
    EXTI15_10_IRQHandler                     0x08000adf   Thumb Code     0  startup_stm32f10x_hd.o(.text)
    EXTI1_IRQHandler                         0x08000adf   Thumb Code     0  startup_stm32f10x_hd.o(.text)
    EXTI2_IRQHandler                         0x08000adf   Thumb Code     0  startup_stm32f10x_hd.o(.text)
    EXTI3_IRQHandler                         0x08000adf   Thumb Code     0  startup_stm32f10x_hd.o(.text)
    EXTI4_IRQHandler                         0x08000adf   Thumb Code     0  startup_stm32f10x_hd.o(.text)
    EXTI9_5_IRQHandler                       0x08000adf   Thumb Code     0  startup_stm32f10x_hd.o(.text)
    FLASH_IRQHandler                         0x08000adf   Thumb Code     0  startup_stm32f10x_hd.o(.text)
    FSMC_IRQHandler                          0x08000adf   Thumb Code     0  startup_stm32f10x_hd.o(.text)
    I2C1_ER_IRQHandler                       0x08000adf   Thumb Code     0  startup_stm32f10x_hd.o(.text)
    I2C1_EV_IRQHandler                       0x08000adf   Thumb Code     0  startup_stm32f10x_hd.o(.text)
    I2C2_ER_IRQHandler                       0x08000adf   Thumb Code     0  startup_stm32f10x_hd.o(.text)
    I2C2_EV_IRQHandler                       0x08000adf   Thumb Code     0  startup_stm32f10x_hd.o(.text)
    PVD_IRQHandler                           0x08000adf   Thumb Code     0  startup_stm32f10x_hd.o(.text)
    RCC_IRQHandler                           0x08000adf   Thumb Code     0  startup_stm32f10x_hd.o(.text)
    RTCAlarm_IRQHandler                      0x08000adf   Thumb Code     0  startup_stm32f10x_hd.o(.text)
    RTC_IRQHandler                           0x08000adf   Thumb Code     0  startup_stm32f10x_hd.o(.text)
    SDIO_IRQHandler                          0x08000adf   Thumb Code     0  startup_stm32f10x_hd.o(.text)
    SPI1_IRQHandler                          0x08000adf   Thumb Code     0  startup_stm32f10x_hd.o(.text)
    SPI2_IRQHandler                          0x08000adf   Thumb Code     0  startup_stm32f10x_hd.o(.text)
    SPI3_IRQHandler                          0x08000adf   Thumb Code     0  startup_stm32f10x_hd.o(.text)
    TAMPER_IRQHandler                        0x08000adf   Thumb Code     0  startup_stm32f10x_hd.o(.text)
    TIM1_BRK_IRQHandler                      0x08000adf   Thumb Code     0  startup_stm32f10x_hd.o(.text)
    TIM1_CC_IRQHandler                       0x08000adf   Thumb Code     0  startup_stm32f10x_hd.o(.text)
    TIM1_TRG_COM_IRQHandler                  0x08000adf   Thumb Code     0  startup_stm32f10x_hd.o(.text)
    TIM1_UP_IRQHandler                       0x08000adf   Thumb Code     0  startup_stm32f10x_hd.o(.text)
    TIM2_IRQHandler                          0x08000adf   Thumb Code     0  startup_stm32f10x_hd.o(.text)
    TIM3_IRQHandler                          0x08000adf   Thumb Code     0  startup_stm32f10x_hd.o(.text)
    TIM4_IRQHandler                          0x08000adf   Thumb Code     0  startup_stm32f10x_hd.o(.text)
    TIM5_IRQHandler                          0x08000adf   Thumb Code     0  startup_stm32f10x_hd.o(.text)
    TIM6_IRQHandler                          0x08000adf   Thumb Code     0  startup_stm32f10x_hd.o(.text)
    TIM7_IRQHandler                          0x08000adf   Thumb Code     0  startup_stm32f10x_hd.o(.text)
    TIM8_BRK_IRQHandler                      0x08000adf   Thumb Code     0  startup_stm32f10x_hd.o(.text)
    TIM8_CC_IRQHandler                       0x08000adf   Thumb Code     0  startup_stm32f10x_hd.o(.text)
    TIM8_TRG_COM_IRQHandler                  0x08000adf   Thumb Code     0  startup_stm32f10x_hd.o(.text)
    TIM8_UP_IRQHandler                       0x08000adf   Thumb Code     0  startup_stm32f10x_hd.o(.text)
    UART4_IRQHandler                         0x08000adf   Thumb Code     0  startup_stm32f10x_hd.o(.text)
    UART5_IRQHandler                         0x08000adf   Thumb Code     0  startup_stm32f10x_hd.o(.text)
    USART2_IRQHandler                        0x08000adf   Thumb Code     0  startup_stm32f10x_hd.o(.text)
    USART3_IRQHandler                        0x08000adf   Thumb Code     0  startup_stm32f10x_hd.o(.text)
    USBWakeUp_IRQHandler                     0x08000adf   Thumb Code     0  startup_stm32f10x_hd.o(.text)
    USB_HP_CAN1_TX_IRQHandler                0x08000adf   Thumb Code     0  startup_stm32f10x_hd.o(.text)
    USB_LP_CAN1_RX0_IRQHandler               0x08000adf   Thumb Code     0  startup_stm32f10x_hd.o(.text)
    WWDG_IRQHandler                          0x08000adf   Thumb Code     0  startup_stm32f10x_hd.o(.text)
    GPIO_DeInit                              0x08000ae9   Thumb Code   172  stm32f10x_gpio.o(.text)
    GPIO_AFIODeInit                          0x08000b95   Thumb Code    20  stm32f10x_gpio.o(.text)
    GPIO_Init                                0x08000ba9   Thumb Code   278  stm32f10x_gpio.o(.text)
    GPIO_StructInit                          0x08000cbf   Thumb Code    16  stm32f10x_gpio.o(.text)
    GPIO_ReadInputDataBit                    0x08000ccf   Thumb Code    18  stm32f10x_gpio.o(.text)
    GPIO_ReadInputData                       0x08000ce1   Thumb Code     8  stm32f10x_gpio.o(.text)
    GPIO_ReadOutputDataBit                   0x08000ce9   Thumb Code    18  stm32f10x_gpio.o(.text)
    GPIO_ReadOutputData                      0x08000cfb   Thumb Code     8  stm32f10x_gpio.o(.text)
    GPIO_SetBits                             0x08000d03   Thumb Code     4  stm32f10x_gpio.o(.text)
    GPIO_ResetBits                           0x08000d07   Thumb Code     4  stm32f10x_gpio.o(.text)
    GPIO_WriteBit                            0x08000d0b   Thumb Code    10  stm32f10x_gpio.o(.text)
    GPIO_Write                               0x08000d15   Thumb Code     4  stm32f10x_gpio.o(.text)
    GPIO_PinLockConfig                       0x08000d19   Thumb Code    18  stm32f10x_gpio.o(.text)
    GPIO_EventOutputConfig                   0x08000d2b   Thumb Code    26  stm32f10x_gpio.o(.text)
    GPIO_EventOutputCmd                      0x08000d45   Thumb Code     6  stm32f10x_gpio.o(.text)
    GPIO_PinRemapConfig                      0x08000d4b   Thumb Code   138  stm32f10x_gpio.o(.text)
    GPIO_EXTILineConfig                      0x08000dd5   Thumb Code    66  stm32f10x_gpio.o(.text)
    GPIO_ETH_MediaInterfaceConfig            0x08000e17   Thumb Code     8  stm32f10x_gpio.o(.text)
    RCC_DeInit                               0x08000e45   Thumb Code    64  stm32f10x_rcc.o(.text)
    RCC_HSEConfig                            0x08000e85   Thumb Code    70  stm32f10x_rcc.o(.text)
    RCC_GetFlagStatus                        0x08000ecb   Thumb Code    56  stm32f10x_rcc.o(.text)
    RCC_WaitForHSEStartUp                    0x08000f03   Thumb Code    56  stm32f10x_rcc.o(.text)
    RCC_AdjustHSICalibrationValue            0x08000f3b   Thumb Code    20  stm32f10x_rcc.o(.text)
    RCC_HSICmd                               0x08000f4f   Thumb Code     6  stm32f10x_rcc.o(.text)
    RCC_PLLConfig                            0x08000f55   Thumb Code    24  stm32f10x_rcc.o(.text)
    RCC_PLLCmd                               0x08000f6d   Thumb Code     6  stm32f10x_rcc.o(.text)
    RCC_SYSCLKConfig                         0x08000f73   Thumb Code    18  stm32f10x_rcc.o(.text)
    RCC_GetSYSCLKSource                      0x08000f85   Thumb Code    10  stm32f10x_rcc.o(.text)
    RCC_HCLKConfig                           0x08000f8f   Thumb Code    18  stm32f10x_rcc.o(.text)
    RCC_PCLK1Config                          0x08000fa1   Thumb Code    18  stm32f10x_rcc.o(.text)
    RCC_PCLK2Config                          0x08000fb3   Thumb Code    20  stm32f10x_rcc.o(.text)
    RCC_ITConfig                             0x08000fc7   Thumb Code    26  stm32f10x_rcc.o(.text)
    RCC_USBCLKConfig                         0x08000fe1   Thumb Code     8  stm32f10x_rcc.o(.text)
    RCC_ADCCLKConfig                         0x08000fe9   Thumb Code    18  stm32f10x_rcc.o(.text)
    RCC_LSEConfig                            0x08000ffb   Thumb Code    50  stm32f10x_rcc.o(.text)
    RCC_LSICmd                               0x0800102d   Thumb Code     6  stm32f10x_rcc.o(.text)
    RCC_RTCCLKConfig                         0x08001033   Thumb Code    12  stm32f10x_rcc.o(.text)
    RCC_RTCCLKCmd                            0x0800103f   Thumb Code     8  stm32f10x_rcc.o(.text)
    RCC_GetClocksFreq                        0x08001047   Thumb Code   192  stm32f10x_rcc.o(.text)
    RCC_AHBPeriphClockCmd                    0x08001107   Thumb Code    26  stm32f10x_rcc.o(.text)
    RCC_APB2PeriphClockCmd                   0x08001121   Thumb Code    26  stm32f10x_rcc.o(.text)
    RCC_APB1PeriphClockCmd                   0x0800113b   Thumb Code    26  stm32f10x_rcc.o(.text)
    RCC_APB2PeriphResetCmd                   0x08001155   Thumb Code    26  stm32f10x_rcc.o(.text)
    RCC_APB1PeriphResetCmd                   0x0800116f   Thumb Code    26  stm32f10x_rcc.o(.text)
    RCC_BackupResetCmd                       0x08001189   Thumb Code     8  stm32f10x_rcc.o(.text)
    RCC_ClockSecuritySystemCmd               0x08001191   Thumb Code     6  stm32f10x_rcc.o(.text)
    RCC_MCOConfig                            0x08001197   Thumb Code     6  stm32f10x_rcc.o(.text)
    RCC_ClearFlag                            0x0800119d   Thumb Code    14  stm32f10x_rcc.o(.text)
    RCC_GetITStatus                          0x080011ab   Thumb Code    20  stm32f10x_rcc.o(.text)
    RCC_ClearITPendingBit                    0x080011bf   Thumb Code     6  stm32f10x_rcc.o(.text)
    USART_DeInit                             0x080011e9   Thumb Code   134  stm32f10x_usart.o(.text)
    USART_Init                               0x0800126f   Thumb Code   210  stm32f10x_usart.o(.text)
    USART_StructInit                         0x08001341   Thumb Code    24  stm32f10x_usart.o(.text)
    USART_ClockInit                          0x08001359   Thumb Code    34  stm32f10x_usart.o(.text)
    USART_ClockStructInit                    0x0800137b   Thumb Code    12  stm32f10x_usart.o(.text)
    USART_Cmd                                0x08001387   Thumb Code    24  stm32f10x_usart.o(.text)
    USART_ITConfig                           0x0800139f   Thumb Code    74  stm32f10x_usart.o(.text)
    USART_DMACmd                             0x080013e9   Thumb Code    18  stm32f10x_usart.o(.text)
    USART_SetAddress                         0x080013fb   Thumb Code    18  stm32f10x_usart.o(.text)
    USART_WakeUpConfig                       0x0800140d   Thumb Code    18  stm32f10x_usart.o(.text)
    USART_ReceiverWakeUpCmd                  0x0800141f   Thumb Code    24  stm32f10x_usart.o(.text)
    USART_LINBreakDetectLengthConfig         0x08001437   Thumb Code    18  stm32f10x_usart.o(.text)
    USART_LINCmd                             0x08001449   Thumb Code    24  stm32f10x_usart.o(.text)
    USART_SendData                           0x08001461   Thumb Code     8  stm32f10x_usart.o(.text)
    USART_ReceiveData                        0x08001469   Thumb Code    10  stm32f10x_usart.o(.text)
    USART_SendBreak                          0x08001473   Thumb Code    10  stm32f10x_usart.o(.text)
    USART_SetGuardTime                       0x0800147d   Thumb Code    16  stm32f10x_usart.o(.text)
    USART_SetPrescaler                       0x0800148d   Thumb Code    16  stm32f10x_usart.o(.text)
    USART_SmartCardCmd                       0x0800149d   Thumb Code    24  stm32f10x_usart.o(.text)
    USART_SmartCardNACKCmd                   0x080014b5   Thumb Code    24  stm32f10x_usart.o(.text)
    USART_HalfDuplexCmd                      0x080014cd   Thumb Code    24  stm32f10x_usart.o(.text)
    USART_OverSampling8Cmd                   0x080014e5   Thumb Code    22  stm32f10x_usart.o(.text)
    USART_OneBitMethodCmd                    0x080014fb   Thumb Code    24  stm32f10x_usart.o(.text)
    USART_IrDAConfig                         0x08001513   Thumb Code    18  stm32f10x_usart.o(.text)
    USART_IrDACmd                            0x08001525   Thumb Code    24  stm32f10x_usart.o(.text)
    USART_GetFlagStatus                      0x0800153d   Thumb Code    26  stm32f10x_usart.o(.text)
    USART_ClearFlag                          0x08001557   Thumb Code    18  stm32f10x_usart.o(.text)
    USART_GetITStatus                        0x08001569   Thumb Code    84  stm32f10x_usart.o(.text)
    USART_ClearITPendingBit                  0x080015bd   Thumb Code    52  stm32f10x_usart.o(.text)
    NVIC_PriorityGroupConfig                 0x080015f1   Thumb Code    10  misc.o(.text)
    NVIC_Init                                0x080015fb   Thumb Code   100  misc.o(.text)
    NVIC_SetVectorTable                      0x0800165f   Thumb Code    14  misc.o(.text)
    NVIC_SystemLPConfig                      0x0800166d   Thumb Code    34  misc.o(.text)
    SysTick_CLKSourceConfig                  0x0800168f   Thumb Code    40  misc.o(.text)
    TIM_DeInit                               0x080016cd   Thumb Code   424  stm32f10x_tim.o(.text)
    TIM_TimeBaseInit                         0x08001875   Thumb Code   122  stm32f10x_tim.o(.text)
    TIM_OC1Init                              0x080018ef   Thumb Code   132  stm32f10x_tim.o(.text)
    TIM_OC2Init                              0x08001973   Thumb Code   154  stm32f10x_tim.o(.text)
    TIM_OC3Init                              0x08001a0d   Thumb Code   150  stm32f10x_tim.o(.text)
    TIM_OC4Init                              0x08001aa3   Thumb Code   182  stm32f10x_tim.o(.text)
    TIM_SetIC4Prescaler                      0x08001b59   Thumb Code    26  stm32f10x_tim.o(.text)
    TIM_SetIC3Prescaler                      0x08001bf5   Thumb Code    18  stm32f10x_tim.o(.text)
    TIM_SetIC2Prescaler                      0x08001c81   Thumb Code    26  stm32f10x_tim.o(.text)
    TIM_SetIC1Prescaler                      0x08001d1d   Thumb Code    18  stm32f10x_tim.o(.text)
    TIM_ICInit                               0x08001d9b   Thumb Code   150  stm32f10x_tim.o(.text)
    TIM_PWMIConfig                           0x08001e31   Thumb Code   124  stm32f10x_tim.o(.text)
    TIM_BDTRConfig                           0x08001ead   Thumb Code    32  stm32f10x_tim.o(.text)
    TIM_TimeBaseStructInit                   0x08001ecd   Thumb Code    18  stm32f10x_tim.o(.text)
    TIM_OCStructInit                         0x08001edf   Thumb Code    20  stm32f10x_tim.o(.text)
    TIM_ICStructInit                         0x08001ef3   Thumb Code    18  stm32f10x_tim.o(.text)
    TIM_BDTRStructInit                       0x08001f05   Thumb Code    40  stm32f10x_tim.o(.text)
    TIM_Cmd                                  0x08001f2d   Thumb Code    24  stm32f10x_tim.o(.text)
    TIM_CtrlPWMOutputs                       0x08001f45   Thumb Code    30  stm32f10x_tim.o(.text)
    TIM_ITConfig                             0x08001f63   Thumb Code    18  stm32f10x_tim.o(.text)
    TIM_GenerateEvent                        0x08001f75   Thumb Code     4  stm32f10x_tim.o(.text)
    TIM_DMAConfig                            0x08001f79   Thumb Code    10  stm32f10x_tim.o(.text)
    TIM_DMACmd                               0x08001f83   Thumb Code    18  stm32f10x_tim.o(.text)
    TIM_InternalClockConfig                  0x08001f95   Thumb Code    12  stm32f10x_tim.o(.text)
    TIM_SelectInputTrigger                   0x08001fa1   Thumb Code    18  stm32f10x_tim.o(.text)
    TIM_ITRxExternalClockConfig              0x08001fb3   Thumb Code    24  stm32f10x_tim.o(.text)
    TIM_TIxExternalClockConfig               0x08001fcb   Thumb Code    62  stm32f10x_tim.o(.text)
    TIM_ETRConfig                            0x08002009   Thumb Code    28  stm32f10x_tim.o(.text)
    TIM_ETRClockMode1Config                  0x08002025   Thumb Code    54  stm32f10x_tim.o(.text)
    TIM_ETRClockMode2Config                  0x0800205b   Thumb Code    32  stm32f10x_tim.o(.text)
    TIM_PrescalerConfig                      0x0800207b   Thumb Code     6  stm32f10x_tim.o(.text)
    TIM_CounterModeConfig                    0x08002081   Thumb Code    18  stm32f10x_tim.o(.text)
    TIM_EncoderInterfaceConfig               0x08002093   Thumb Code    66  stm32f10x_tim.o(.text)
    TIM_ForcedOC1Config                      0x080020d5   Thumb Code    18  stm32f10x_tim.o(.text)
    TIM_ForcedOC2Config                      0x080020e7   Thumb Code    26  stm32f10x_tim.o(.text)
    TIM_ForcedOC3Config                      0x08002101   Thumb Code    18  stm32f10x_tim.o(.text)
    TIM_ForcedOC4Config                      0x08002113   Thumb Code    26  stm32f10x_tim.o(.text)
    TIM_ARRPreloadConfig                     0x0800212d   Thumb Code    24  stm32f10x_tim.o(.text)
    TIM_SelectCOM                            0x08002145   Thumb Code    24  stm32f10x_tim.o(.text)
    TIM_SelectCCDMA                          0x0800215d   Thumb Code    24  stm32f10x_tim.o(.text)
    TIM_CCPreloadControl                     0x08002175   Thumb Code    24  stm32f10x_tim.o(.text)
    TIM_OC1PreloadConfig                     0x0800218d   Thumb Code    18  stm32f10x_tim.o(.text)
    TIM_OC2PreloadConfig                     0x0800219f   Thumb Code    26  stm32f10x_tim.o(.text)
    TIM_OC3PreloadConfig                     0x080021b9   Thumb Code    18  stm32f10x_tim.o(.text)
    TIM_OC4PreloadConfig                     0x080021cb   Thumb Code    26  stm32f10x_tim.o(.text)
    TIM_OC1FastConfig                        0x080021e5   Thumb Code    18  stm32f10x_tim.o(.text)
    TIM_OC2FastConfig                        0x080021f7   Thumb Code    26  stm32f10x_tim.o(.text)
    TIM_OC3FastConfig                        0x08002211   Thumb Code    18  stm32f10x_tim.o(.text)
    TIM_OC4FastConfig                        0x08002223   Thumb Code    26  stm32f10x_tim.o(.text)
    TIM_ClearOC1Ref                          0x0800223d   Thumb Code    18  stm32f10x_tim.o(.text)
    TIM_ClearOC2Ref                          0x0800224f   Thumb Code    24  stm32f10x_tim.o(.text)
    TIM_ClearOC3Ref                          0x08002267   Thumb Code    18  stm32f10x_tim.o(.text)
    TIM_ClearOC4Ref                          0x08002279   Thumb Code    24  stm32f10x_tim.o(.text)
    TIM_OC1PolarityConfig                    0x08002291   Thumb Code    18  stm32f10x_tim.o(.text)
    TIM_OC1NPolarityConfig                   0x080022a3   Thumb Code    18  stm32f10x_tim.o(.text)
    TIM_OC2PolarityConfig                    0x080022b5   Thumb Code    26  stm32f10x_tim.o(.text)
    TIM_OC2NPolarityConfig                   0x080022cf   Thumb Code    26  stm32f10x_tim.o(.text)
    TIM_OC3PolarityConfig                    0x080022e9   Thumb Code    26  stm32f10x_tim.o(.text)
    TIM_OC3NPolarityConfig                   0x08002303   Thumb Code    26  stm32f10x_tim.o(.text)
    TIM_OC4PolarityConfig                    0x0800231d   Thumb Code    26  stm32f10x_tim.o(.text)
    TIM_CCxCmd                               0x08002337   Thumb Code    30  stm32f10x_tim.o(.text)
    TIM_CCxNCmd                              0x08002355   Thumb Code    30  stm32f10x_tim.o(.text)
    TIM_SelectOCxM                           0x08002373   Thumb Code    82  stm32f10x_tim.o(.text)
    TIM_UpdateDisableConfig                  0x080023c5   Thumb Code    24  stm32f10x_tim.o(.text)
    TIM_UpdateRequestConfig                  0x080023dd   Thumb Code    24  stm32f10x_tim.o(.text)
    TIM_SelectHallSensor                     0x080023f5   Thumb Code    24  stm32f10x_tim.o(.text)
    TIM_SelectOnePulseMode                   0x0800240d   Thumb Code    18  stm32f10x_tim.o(.text)
    TIM_SelectOutputTrigger                  0x0800241f   Thumb Code    18  stm32f10x_tim.o(.text)
    TIM_SelectSlaveMode                      0x08002431   Thumb Code    18  stm32f10x_tim.o(.text)
    TIM_SelectMasterSlaveMode                0x08002443   Thumb Code    18  stm32f10x_tim.o(.text)
    TIM_SetCounter                           0x08002455   Thumb Code     4  stm32f10x_tim.o(.text)
    TIM_SetAutoreload                        0x08002459   Thumb Code     4  stm32f10x_tim.o(.text)
    TIM_SetCompare1                          0x0800245d   Thumb Code     4  stm32f10x_tim.o(.text)
    TIM_SetCompare2                          0x08002461   Thumb Code     4  stm32f10x_tim.o(.text)
    TIM_SetCompare3                          0x08002465   Thumb Code     4  stm32f10x_tim.o(.text)
    TIM_SetCompare4                          0x08002469   Thumb Code     6  stm32f10x_tim.o(.text)
    TIM_SetClockDivision                     0x0800246f   Thumb Code    18  stm32f10x_tim.o(.text)
    TIM_GetCapture1                          0x08002481   Thumb Code     6  stm32f10x_tim.o(.text)
    TIM_GetCapture2                          0x08002487   Thumb Code     6  stm32f10x_tim.o(.text)
    TIM_GetCapture3                          0x0800248d   Thumb Code     6  stm32f10x_tim.o(.text)
    TIM_GetCapture4                          0x08002493   Thumb Code     8  stm32f10x_tim.o(.text)
    TIM_GetCounter                           0x0800249b   Thumb Code     6  stm32f10x_tim.o(.text)
    TIM_GetPrescaler                         0x080024a1   Thumb Code     6  stm32f10x_tim.o(.text)
    TIM_GetFlagStatus                        0x080024a7   Thumb Code    18  stm32f10x_tim.o(.text)
    TIM_ClearFlag                            0x080024b9   Thumb Code     6  stm32f10x_tim.o(.text)
    TIM_GetITStatus                          0x080024bf   Thumb Code    34  stm32f10x_tim.o(.text)
    TIM_ClearITPendingBit                    0x080024e1   Thumb Code     6  stm32f10x_tim.o(.text)
    DMA_DeInit                               0x080024e9   Thumb Code   324  stm32f10x_dma.o(.text)
    DMA_Init                                 0x0800262d   Thumb Code    60  stm32f10x_dma.o(.text)
    DMA_StructInit                           0x08002669   Thumb Code    26  stm32f10x_dma.o(.text)
    DMA_Cmd                                  0x08002683   Thumb Code    24  stm32f10x_dma.o(.text)
    DMA_ITConfig                             0x0800269b   Thumb Code    18  stm32f10x_dma.o(.text)
    DMA_SetCurrDataCounter                   0x080026ad   Thumb Code     4  stm32f10x_dma.o(.text)
    DMA_GetCurrDataCounter                   0x080026b1   Thumb Code     8  stm32f10x_dma.o(.text)
    DMA_GetFlagStatus                        0x080026b9   Thumb Code    40  stm32f10x_dma.o(.text)
    DMA_ClearFlag                            0x080026e1   Thumb Code    22  stm32f10x_dma.o(.text)
    DMA_GetITStatus                          0x080026f7   Thumb Code    40  stm32f10x_dma.o(.text)
    DMA_ClearITPendingBit                    0x0800271f   Thumb Code    22  stm32f10x_dma.o(.text)
    __aeabi_memset                           0x0800273d   Thumb Code    14  memseta.o(.text)
    __aeabi_memset4                          0x0800273d   Thumb Code     0  memseta.o(.text)
    __aeabi_memset8                          0x0800273d   Thumb Code     0  memseta.o(.text)
    __aeabi_memclr                           0x0800274b   Thumb Code     4  memseta.o(.text)
    __aeabi_memclr4                          0x0800274b   Thumb Code     0  memseta.o(.text)
    __aeabi_memclr8                          0x0800274b   Thumb Code     0  memseta.o(.text)
    _memset$wrapper                          0x0800274f   Thumb Code    18  memseta.o(.text)
    __scatterload                            0x08002761   Thumb Code    28  init.o(.text)
    __scatterload_rt2                        0x08002761   Thumb Code     0  init.o(.text)
    __scatterload_copy                       0x08002785   Thumb Code    14  handlers.o(i.__scatterload_copy)
    __scatterload_null                       0x08002793   Thumb Code     2  handlers.o(i.__scatterload_null)
    __scatterload_zeroinit                   0x08002795   Thumb Code    14  handlers.o(i.__scatterload_zeroinit)
    ws2812b_IsReady                          0x080027a5   Thumb Code    14  ws2812b.o(i.ws2812b_IsReady)
    Region$$Table$$Base                      0x080028b8   Number         0  anon$$obj.o(Region$$Table)
    Region$$Table$$Limit                     0x080028d8   Number         0  anon$$obj.o(Region$$Table)
    SystemCoreClock                          0x20000000   Data           4  system_stm32f10x.o(.data)
    AHBPrescTable                            0x20000004   Data          16  system_stm32f10x.o(.data)
    __stdout                                 0x20000028   Data           4  usart.o(.data)
    USART_RX_STA                             0x2000002c   Data           2  usart.o(.data)
    leds                                     0x20000044   Data          90  main.o(.bss)
    USART_RX_BUF                             0x20000bde   Data         200  usart.o(.bss)
    __initial_sp                             0x200010a8   Data           0  startup_stm32f10x_hd.o(STACK)



==============================================================================

Memory Map of the image

  Image Entry point : 0x08000131

  Load Region LR_IROM1 (Base: 0x08000000, Size: 0x0000291c, Max: 0x00040000, ABSOLUTE)

    Execution Region ER_IROM1 (Base: 0x08000000, Size: 0x000028d8, Max: 0x00040000, ABSOLUTE)

    Base Addr    Size         Type   Attr      Idx    E Section Name        Object

    0x08000000   0x00000130   Data   RO          304    RESET               startup_stm32f10x_hd.o
    0x08000130   0x00000000   Code   RO          383  * .ARM.Collect$$$$00000000  mc_w.l(entry.o)
    0x08000130   0x00000004   Code   RO          388    .ARM.Collect$$$$00000001  mc_w.l(entry2.o)
    0x08000134   0x00000004   Code   RO          391    .ARM.Collect$$$$00000004  mc_w.l(entry5.o)
    0x08000138   0x00000000   Code   RO          393    .ARM.Collect$$$$00000008  mc_w.l(entry7b.o)
    0x08000138   0x00000000   Code   RO          395    .ARM.Collect$$$$0000000A  mc_w.l(entry8b.o)
    0x08000138   0x00000008   Code   RO          396    .ARM.Collect$$$$0000000B  mc_w.l(entry9a.o)
    0x08000140   0x00000000   Code   RO          398    .ARM.Collect$$$$0000000D  mc_w.l(entry10a.o)
    0x08000140   0x00000000   Code   RO          400    .ARM.Collect$$$$0000000F  mc_w.l(entry11a.o)
    0x08000140   0x00000004   Code   RO          389    .ARM.Collect$$$$00002712  mc_w.l(entry2.o)
    0x08000144   0x00000068   Code   RO            1    .text               main.o
    0x080001ac   0x0000001a   Code   RO          127    .text               stm32f10x_it.o
    0x080001c6   0x00000002   PAD
    0x080001c8   0x000001e0   Code   RO          168    .text               system_stm32f10x.o
    0x080003a8   0x00000050   Code   RO          186    .text               led.o
    0x080003f8   0x000000c8   Code   RO          198    .text               bitmap.o
    0x080004c0   0x000003f0   Code   RO          210    .text               ws2812b.o
    0x080008b0   0x000000d4   Code   RO          238    .text               delay.o
    0x08000984   0x00000140   Code   RO          269    .text               usart.o
    0x08000ac4   0x00000024   Code   RO          305    .text               startup_stm32f10x_hd.o
    0x08000ae8   0x0000035c   Code   RO          309    .text               stm32f10x_gpio.o
    0x08000e44   0x000003a4   Code   RO          321    .text               stm32f10x_rcc.o
    0x080011e8   0x00000408   Code   RO          335    .text               stm32f10x_usart.o
    0x080015f0   0x000000dc   Code   RO          347    .text               misc.o
    0x080016cc   0x00000e1a   Code   RO          359    .text               stm32f10x_tim.o
    0x080024e6   0x00000002   PAD
    0x080024e8   0x00000254   Code   RO          371    .text               stm32f10x_dma.o
    0x0800273c   0x00000024   Code   RO          386    .text               mc_w.l(memseta.o)
    0x08002760   0x00000024   Code   RO          402    .text               mc_w.l(init.o)
    0x08002784   0x0000000e   Code   RO          406    i.__scatterload_copy  mc_w.l(handlers.o)
    0x08002792   0x00000002   Code   RO          407    i.__scatterload_null  mc_w.l(handlers.o)
    0x08002794   0x0000000e   Code   RO          408    i.__scatterload_zeroinit  mc_w.l(handlers.o)
    0x080027a2   0x00000002   PAD
    0x080027a4   0x00000014   Code   RO          223    i.ws2812b_IsReady   ws2812b.o
    0x080027b8   0x00000100   Data   RO          212    .constdata          ws2812b.o
    0x080028b8   0x00000020   Data   RO          404    Region$$Table       anon$$obj.o


    Execution Region RW_IRAM1 (Base: 0x20000000, Size: 0x000010a8, Max: 0x0000c000, ABSOLUTE)

    Base Addr    Size         Type   Attr      Idx    E Section Name        Object

    0x20000000   0x00000014   Data   RW          169    .data               system_stm32f10x.o
    0x20000014   0x00000010   Data   RW          213    .data               ws2812b.o
    0x20000024   0x00000004   Data   RW          239    .data               delay.o
    0x20000028   0x00000006   Data   RW          271    .data               usart.o
    0x2000002e   0x00000014   Data   RW          322    .data               stm32f10x_rcc.o
    0x20000042   0x00000002   PAD
    0x20000044   0x0000005a   Zero   RW            2    .bss                main.o
    0x2000009e   0x00000b40   Zero   RW          211    .bss                ws2812b.o
    0x20000bde   0x000000c8   Zero   RW          270    .bss                usart.o
    0x20000ca6   0x00000002   PAD
    0x20000ca8   0x00000400   Zero   RW          302    STACK               startup_stm32f10x_hd.o


==============================================================================

Image component sizes


      Code (inc. data)   RO Data    RW Data    ZI Data      Debug   Object Name

       200          6          0          0          0       1230   bitmap.o
       212         18          0          4          0       1059   delay.o
        80          8          0          0          0        507   led.o
       104          6          0          0         90     264354   main.o
       220         22          0          0          0       1817   misc.o
        36          8        304          0       1024        796   startup_stm32f10x_hd.o
       596          8          0          0          0       4382   stm32f10x_dma.o
       860         38          0          0          0       5749   stm32f10x_gpio.o
        26          0          0          0          0       1190   stm32f10x_it.o
       932         36          0         20          0       8936   stm32f10x_rcc.o
      3610         88          0          0          0      22856   stm32f10x_tim.o
      1032         22          0          0          0       8476   stm32f10x_usart.o
         0          0          0          0          0         32   sys.o
       480         38          0         20          0       1767   system_stm32f10x.o
       320         18          0          6        200       3162   usart.o
      1028         68        256         16       2880       5114   ws2812b.o

    ----------------------------------------------------------------------
      9740        384        592         68       4196     331427   Object Totals
         0          0         32          0          0          0   (incl. Generated)
         4          0          0          2          2          0   (incl. Padding)

    ----------------------------------------------------------------------

      Code (inc. data)   RO Data    RW Data    ZI Data      Debug   Library Member Name

         0          0          0          0          0          0   entry.o
         0          0          0          0          0          0   entry10a.o
         0          0          0          0          0          0   entry11a.o
         8          4          0          0          0          0   entry2.o
         4          0          0          0          0          0   entry5.o
         0          0          0          0          0          0   entry7b.o
         0          0          0          0          0          0   entry8b.o
         8          4          0          0          0          0   entry9a.o
        30          0          0          0          0          0   handlers.o
        36          8          0          0          0         68   init.o
        36          0          0          0          0        108   memseta.o

    ----------------------------------------------------------------------
       124         16          0          0          0        176   Library Totals
         2          0          0          0          0          0   (incl. Padding)

    ----------------------------------------------------------------------

      Code (inc. data)   RO Data    RW Data    ZI Data      Debug   Library Name

       122         16          0          0          0        176   mc_w.l

    ----------------------------------------------------------------------
       124         16          0          0          0        176   Library Totals

    ----------------------------------------------------------------------

==============================================================================


      Code (inc. data)   RO Data    RW Data    ZI Data      Debug   

      9864        400        592         68       4196     330559   Grand Totals
      9864        400        592         68       4196     330559   ELF Image Totals
      9864        400        592         68          0          0   ROM Totals

==============================================================================

    Total RO  Size (Code + RO Data)                10456 (  10.21kB)
    Total RW  Size (RW Data + ZI Data)              4264 (   4.16kB)
    Total ROM Size (Code + RO Data + RW Data)      10524 (  10.28kB)

==============================================================================

